// Jest Snapshot v1, https://goo.gl/fbAQLP

exports[`test that calculator snapshot 1`] = `
<div>
  <input
    placeholder="number 1"
    type="text"
  />
  <input
    placeholder="number 2"
    type="text"
  />
  <button
    onClick={NaN}
  >
    sum
  </button>
  sum: 
  0
</div>
`;
